[cacnprf.com/category/real-estate/index.html]
[backblue.gif]
[fade.gif]
[index.html]
[45575e.p3cdn1.secureserver.net/wp-includes/css/dist/block-library/style.min199d.css]
[45575e.p3cdn1.secureserver.net/wp-content/plugins/themeisle-companion/obfx_modules/companion-legacy/assets/css/hestia/clients-bar199d.css]
[cacnprf.com/category/real-estate/feed/index.html]
[45575e.p3cdn1.secureserver.net/wp-content/uploads/2018/10/multiple-users-silhouette481d.png]
[img6.wsimg.com/wrhs/362d20193a8fed115f99b16a157b7fc4/tccl.min.js]
[img6.wsimg.com/wrhs/ce554d2333f3801abafb32da18213ff7/tti.min.js]
[cacnprf.com/category/real-estate/index.html]
[cacnprf.com/category/real-estate/feed/index.html]
[45575e.p3cdn1.secureserver.net/wp-includes/css/dist/block-library/style.min199d.css]
[45575e.p3cdn1.secureserver.net/wp-content/plugins/themeisle-companion/obfx_modules/companion-legacy/assets/css/hestia/clients-bar199d.css]
[45575e.p3cdn1.secureserver.net/wp-content/themes/hestia/assets/css/font-sizes.mina8c9.html]
[45575e.p3cdn1.secureserver.net/wp-content/themes/hestia/assets/bootstrap/css/bootstrap.min9a5e.html]
[45575e.p3cdn1.secureserver.net/wp-content/uploads/2018/10/multiple-users-silhouette481d.png]
[45575e.p3cdn1.secureserver.net/wp-includes/js/jquery/jquery-migrate.minb86f.html]
[45575e.p3cdn1.secureserver.net/wp-content/themes/hestia/assets/bootstrap/js/bootstrap.min9a5e.html]
[45575e.p3cdn1.secureserver.net/wp-content/themes/hestia/style.mina8c9.html]
[45575e.p3cdn1.secureserver.net/wp-content/themes/hestia/assets/bootstrap/css/bootstrap.min9a5e.html]
[45575e.p3cdn1.secureserver.net/wp-content/themes/hestia/assets/css/font-sizes.mina8c9.html]
[45575e.p3cdn1.secureserver.net/wp-content/themes/hestia/style.mina8c9.html]
[45575e.p3cdn1.secureserver.net/wp-includes/js/jquery/ui/core.min5e16.html]
[45575e.p3cdn1.secureserver.net/wp-includes/js/jquery/jquery.min3df8.html]
[45575e.p3cdn1.secureserver.net/wp-content/themes/hestia/assets/js/script.mina8c9.html]
